# LISeasons 1.0.14 更新说明

## 调整

- 重做默认季节事件，改为每个季节 4 个主题事件：
  - 春季：风和日丽、微风习习、春寒料峭、春雨绵绵。
  - 夏季：烈日炎炎、盛夏晴空、流星之夜、雷暴季。
  - 秋季：丰收时节、落叶纷飞、秋雨连绵、南瓜庆典。
  - 冬季：大雪纷飞、极寒之夜、冰霜晨雾、冬日庆典。
- 默认事件触发模式改为 `season`，不再按照温度阈值触发。
- 日历菜单中的事件触发说明改为“季节自然触发”，避免继续显示温度条件。
- 事件触发通知移除体感温度文本，使季节事件不再表现为温度事件。

## 兼容

- 保留 `above`、`below`、`range` 触发模式解析，旧配置仍可继续使用温度阈值。

## 构建

- 插件版本更新为 `1.0.14`。
