# LISeasons 1.0.12 更新说明

## 新增

- 重新设计 `/seasons calendar` 季节 UI，改为参考 Stardew Valley 的像素农场手账风格。
- 总览页改为“农夫手账”布局，集中展示当前季节、日期、世界、节气、温度、天气、下个节气与季节馈赠。
- 季节边框改为木质框架 + 季节作物/装饰角标：春花、夏日向日葵、秋季南瓜、冬季雪块。
- 导航按钮更新为更贴近手账/木牌/告示板的命名和图标。

## 优化

- 菜单物品隐藏默认属性提示，减少 Inventory GUI 杂讯，让手账界面更干净。
- 更新 `messages.yml` 的日历文案，使节气、节日、季节事件说明更贴近农场日历语气。

## 构建

- 插件版本更新为 `1.0.12`。