<project xmlns="http://maven.apache.org/POM/4.0.0"
         xmlns:xsi="http://www.w3.org/2001/XMLSchema-instance"
         xsi:schemaLocation="http://maven.apache.org/POM/4.0.0 https://maven.apache.org/xsd/maven-4.0.0.xsd">
    <modelVersion>4.0.0</modelVersion>

    <groupId>com.liseasons</groupId>
    <artifactId>LISeasons</artifactId>
    <version>1.0.20</version>
    <packaging>jar</packaging>

    <name>LISeasons</name>
    <description>Lightweight season and solar term plugin for Paper 1.21.11 and Folia 1.21.11.</description>

    <properties>
        <maven.compiler.release>21</maven.compiler.release>
        <project.build.sourceEncoding>UTF-8</project.build.sourceEncoding>
        <paper.version>1.21.11-R0.1-SNAPSHOT</paper.version>
        <junit.jupiter.version>5.10.3</junit.jupiter.version>
    </properties>

    <repositories>
        <repository>
            <id>papermc</id>
            <url>https://repo.papermc.io/repository/maven-public/</url>
        </repository>
        <repository>
            <id>placeholderapi</id>
            <url>https://repo.extendedclip.com/content/repositories/placeholderapi/</url>
        </repository>
    </repositories>

    <dependencies>
        <dependency>
            <groupId>io.papermc.paper</groupId>
            <artifactId>paper-api</artifactId>
            <version>${paper.version}</version>
            <scope>provided</scope>
        </dependency>
        <dependency>
            <groupId>packetevents</groupId>
            <artifactId>packetevents-spigot</artifactId>
            <version>2.12.1</version>
            <scope>system</scope>
            <systemPath>${project.basedir}/lib/packetevents-spigot-2.12.1.jar</systemPath>
        </dependency>
        <dependency>
            <groupId>me.clip</groupId>
            <artifactId>placeholderapi</artifactId>
            <version>2.11.6</version>
            <scope>provided</scope>
        </dependency>
        <dependency>
            <groupId>org.junit.jupiter</groupId>
            <artifactId>junit-jupiter</artifactId>
            <version>${junit.jupiter.version}</version>
            <scope>test</scope>
        </dependency>
    </dependencies>

    <build>
        <plugins>
            <plugin>
                <groupId>org.apache.maven.plugins</groupId>
                <artifactId>maven-compiler-plugin</artifactId>
                <version>3.13.0</version>
                <configuration>
                    <release>${maven.compiler.release}</release>
                </configuration>
            </plugin>
            <plugin>
                <groupId>org.apache.maven.plugins</groupId>
                <artifactId>maven-surefire-plugin</artifactId>
                <version>3.2.5</version>
            </plugin>
        </plugins>
    </build>
</project>
